Microchip MPLAB XC8 Compiler V2.40

Linker command line:

--edf=C:\Program Files\Microchip\xc8\v2.40\pic\dat\20220703182018_en.msgs \
  -cn -h+dist/default/production\TP_STR.X.production.sym \
  --cmf=dist/default/production\TP_STR.X.production.cmf -z -Q18F87K22 \
  -oC:\Users\SOLNE~1\AppData\Local\Temp\xcAsdl0.4 --defsym=__MPLAB_BUILD=1 \
  --fixupoverflow=error -Mdist/default/production/TP_STR.X.production.map \
  --md=C:\Users\SOLNE~1\AppData\Local\Temp\xcAsdl0.dat -E1 \
  -ver=XC8 Compiler --acfsm=1493 -ASTACK=0642h-0F15h -pstack=STACK \
  -ACODE=00h-01FFFFh -ACONST=00h-01FFFFh -ASMALLCONST=01000h-010FFhx496 \
  -AMEDIUMCONST=01000h-0FFFFh,011000h-01FFFFh -ACOMRAM=01h-05Fh \
  -AABS1=00h-0F15h -ABIGRAM=01h-0F15h \
  -ARAM=060h-0FFh,0100h-01FFhx14,0F00h-0F15h -ABANK0=060h-0FFh \
  -ABANK1=0100h-01FFh -ABANK2=0200h-02FFh -ABANK3=0300h-03FFh \
  -ABANK4=0400h-04FFh -ABANK5=0500h-05FFh -ABANK6=0600h-06FFh \
  -ABANK7=0700h-07FFh -ABANK8=0800h-08FFh -ABANK9=0900h-09FFh \
  -ABANK10=0A00h-0AFFh -ABANK11=0B00h-0BFFh -ABANK12=0C00h-0CFFh \
  -ABANK13=0D00h-0DFFh -ABANK14=0E00h-0EFFh -ABANK15=0F00h-0F15h \
  -ASFR=0F16h-0F5Fh,0F60h-0FFFh -ABIGSFR=0F16h-0FFFh \
  -ACONFIG=0300000h-030000Dh -AIDLOC=0200000h-0200007h \
  -AEEDATA=0F00000h-0F003FFh -peeprom_data=EEDATA \
  -preset_vec=00h,intcode=08h,intcodelo,powerup,init -pramtop=01000h \
  -psmallconst=SMALLCONST -pmediumconst=MEDIUMCONST -pconst=CONST \
  -AFARRAM=00h-00h \
  -prdata=COMRAM,nvrram=COMRAM,nvbit=COMRAM,rbss=COMRAM,rbit=COMRAM \
  -pfarbss=FARRAM,fardata=FARRAM,nvFARRAM=FARRAM \
  -pintsave_regs=BIGRAM,bigbss=BIGRAM,bigdata=BIGRAM -pbss=RAM \
  -pidata=CODE,irdata=CODE,ibigdata=CODE,ifardata=CODE -prparam=COMRAM \
  C:\Users\SOLNE~1\AppData\Local\Temp\xcAsdl0.o \
  dist/default/production\TP_STR.X.production.o 

Object code version is 3.11

Machine type is 18F87K22



                Name                               Link     Load   Length Selector   Space Scale
C:\Users\SOLNE~1\AppData\Local\Temp\xcAsdl0.o
                stack                               642      642      8D4      642       2
                idloc                            200000   200000        8        0       5
                config                           300000   300000        E        0       4
                init                                32C      32C        8        4       0
                reset_vec                             0        0        4        0       0
dist/default/production\TP_STR.X.production.o
                intcode                               8        8      324        4       0
                idloc                            200000   200000        8        0       5
                config                           300000   300000        E        0       4
                temp                                 1D       1D        C        1       1
                smallconst                         1000     1000       94      800       0
                text34                             1FE4     1FE4       22      84A       0
                text33                             1D70     1D70       52      84A       0
                text32                             2054     2054       1A      84A       0
                text31                             203A     203A       1A      84A       0
                text30                             1E12     1E12       3A      84A       0
                text29                             1DC2     1DC2       50      84A       0
                text28                             1F1C     1F1C       30      84A       0
                text27                             1EEC     1EEC       30      84A       0
                text26                             1EBA     1EBA       32      84A       0
                text25                             1C14     1C14       5C      84A       0
                text24                             1CC8     1CC8       56      84A       0
                text23                             1C70     1C70       58      84A       0
                text22                             1FC2     1FC2       22      84A       0
                text21                             1F4C     1F4C       2C      84A       0
                text20                             2020     2020       1A      84A       0
                text19                             1876     1876       CC      84A       0
                text18                             1E84     1E84       36      84A       0
                text17                             1B20     1B20       84      84A       0
                text16                             1BA4     1BA4       70      84A       0
                text15                             1942     1942       AE      84A       0
                text14                             1094     1094      302      84A       0
                text13                             1D1E     1D1E       52      84A       0
                text12                             2086     2086       18      84A       0
                text11                             15CE     15CE       F4      84A       0
                text10                             1A92     1A92       8E      84A       0
                text9                              17A8     17A8       CE      84A       0
                text8                              16C2     16C2       E6      84A       0
                text7                              206E     206E       18      84A       0
                text6                              19F0     19F0       A2      84A       0
                text5                              1F78     1F78       28      84A       0
                text3                              1FA0     1FA0       22      84A       0
                text2                              1E4C     1E4C       38      84A       0
                text1                              1396     1396      238      84A       0
                cstackCOMRAM                          1        1       1C        1       1
                bssCOMRAM                            30       30        5        1       1
                cinit                              209E     209E       10      84A       0
                nvCOMRAM                             29       29        7        1       1
                text0                              2006     2006       1A      84A       0

TOTAL           Name                               Link     Load   Length     Space
        CLASS   STACK          
                stack                               642      642      8D4         2

        CLASS   CODE           
                intcode                               8        8      324         0
                init                                32C      32C        8         0
                reset_vec                             0        0        4         0
                text34                             1FE4     1FE4       22         0
                text33                             1D70     1D70       52         0
                text32                             2054     2054       1A         0
                text31                             203A     203A       1A         0
                text30                             1E12     1E12       3A         0
                text29                             1DC2     1DC2       50         0
                text28                             1F1C     1F1C       30         0
                text27                             1EEC     1EEC       30         0
                text26                             1EBA     1EBA       32         0
                text25                             1C14     1C14       5C         0
                text24                             1CC8     1CC8       56         0
                text23                             1C70     1C70       58         0
                text22                             1FC2     1FC2       22         0
                text21                             1F4C     1F4C       2C         0
                text20                             2020     2020       1A         0
                text19                             1876     1876       CC         0
                text18                             1E84     1E84       36         0
                text17                             1B20     1B20       84         0
                text16                             1BA4     1BA4       70         0
                text15                             1942     1942       AE         0
                text14                             1094     1094      302         0
                text13                             1D1E     1D1E       52         0
                text12                             2086     2086       18         0
                text11                             15CE     15CE       F4         0
                text10                             1A92     1A92       8E         0
                text9                              17A8     17A8       CE         0
                text8                              16C2     16C2       E6         0
                text7                              206E     206E       18         0
                text6                              19F0     19F0       A2         0
                text5                              1F78     1F78       28         0
                text3                              1FA0     1FA0       22         0
                text2                              1E4C     1E4C       38         0
                text1                              1396     1396      238         0
                cinit                              209E     209E       10         0
                text0                              2006     2006       1A         0

        CLASS   CONST          

        CLASS   SMALLCONST     
                smallconst                         1000     1000       94         0

        CLASS   MEDIUMCONST    

        CLASS   COMRAM         
                temp                                 1D       1D        C         1
                cstackCOMRAM                          1        1       1C         1
                bssCOMRAM                            30       30        5         1
                nvCOMRAM                             29       29        7         1

        CLASS   ABS1           
                abs_s1                               60       60       21         1
                abs_s1                              100      100       42         1
                abs_s1                              103      103        1         1
                abs_s1                              200      200       42         1
                abs_s1                              203      203        1         1
                abs_s1                              300      300       42         1
                abs_s1                              303      303        1         1
                abs_s1                              400      400       42         1
                abs_s1                              403      403        1         1
                abs_s1                              500      500       42         1
                abs_s1                              503      503        1         1
                abs_s1                              600      600       42         1
                abs_s1                              603      603        1         1

        CLASS   BIGRAM         

        CLASS   RAM            

        CLASS   BANK0          

        CLASS   BANK1          

        CLASS   BANK2          

        CLASS   BANK3          

        CLASS   BANK4          

        CLASS   BANK5          

        CLASS   BANK6          

        CLASS   BANK7          

        CLASS   BANK8          

        CLASS   BANK9          

        CLASS   BANK10         

        CLASS   BANK11         

        CLASS   BANK12         

        CLASS   BANK13         

        CLASS   BANK14         

        CLASS   BANK15         

        CLASS   SFR            

        CLASS   BIGSFR         

        CLASS   CONFIG         
                config                           300000   300000        E         4

        CLASS   IDLOC          
                idloc                            200000   200000        8         5

        CLASS   EEDATA         

        CLASS   FARRAM         

        CLASS   HEAP           



SEGMENTS        Name                           Load    Length   Top    Selector   Space  Class

                reset_vec                      000000  000004  000004         0       0  CODE    
                cstackCOMRAM                   000001  000034  000035         1       1  COMRAM  
                intcode                        000008  00032C  000334         4       0  CODE    
                stack                          000642  0008D4  000F16       642       2  STACK   
                smallconst                     001000  000094  001094       800       0  SMALLCON
                text14                         001094  00101A  0020AE       84A       0  CODE    


UNUSED ADDRESS RANGES

        Name                Unused          Largest block    Delta
        BANK0            000081-0000FF               7F
        BANK1            000142-0001FF               BE
        BANK10           000A00-000AFF              100
        BANK11           000B00-000BFF              100
        BANK12           000C00-000CFF              100
        BANK13           000D00-000DFF              100
        BANK14           000E00-000EFF              100
        BANK15           000F00-000F15               16
        BANK2            000242-0002FF               BE
        BANK3            000342-0003FF               BE
        BANK4            000442-0004FF               BE
        BANK5            000542-0005FF               BE
        BANK6            000642-0006FF               BE
        BANK7            000700-0007FF              100
        BANK8            000800-0008FF              100
        BANK9            000900-0009FF              100
        BIGRAM           000035-00005F               2B
                         000081-0000FF               7F
                         000142-0001FF               BE
                         000242-0002FF               BE
                         000342-0003FF               BE
                         000442-0004FF               BE
                         000542-0005FF               BE
                         000642-000F15              8D4
        BIGSFR           000F16-000FFF               EA
        CODE             000004-000007                4
                         000334-000FFF              CCC
                         0020AE-01FFFF            1DF52
        COMRAM           000035-00005F               2B
        CONST            000004-000007                4
                         000334-000FFF              CCC
                         0020AE-01FFFF            1DF52
        EEDATA           F00000-F003FF              400
        MEDIUMCONST      0020AE-00FFFF             DF52
                         011000-01FFFF             F000
        RAM              000081-0000FF               7F
                         000142-0001FF               BE
                         000242-0002FF               BE
                         000342-0003FF               BE
                         000442-0004FF               BE
                         000542-0005FF               BE
                         000642-000F15              100
        SFR              000F16-000FFF               4A
        SMALLCONST       0020AE-01FFFF              100

                                  Symbol Table

?___awdiv                            cstackCOMRAM 000001
?___awmod                            cstackCOMRAM 000001
?___lwdiv                            cstackCOMRAM 000001
_ADCON0                              (abs)        000FC2
_ADCON0bits                          (abs)        000FC2
_ADCON1                              (abs)        000FC1
_ADCON2                              (abs)        000FC0
_ADRESH                              (abs)        000FC4
_ADRESL                              (abs)        000FC3
_ANCON0                              (abs)        000F25
_ANCON0bits                          (abs)        000F25
_ANCON1                              (abs)        000F24
_ANCON1bits                          (abs)        000F24
_ANCON2                              (abs)        000F23
_BAUDCON1                            (abs)        000F65
_BSR                                 (abs)        000FE0
_BSR_TEMPORAIRE                      (abs)        000062
_DEMARRAGE                           (abs)        000065
_FSR0H                               (abs)        000FEA
_FSR0H_TEMPORAIRE                    (abs)        000063
_FSR0L                               (abs)        000FE9
_FSR0L_TEMPORAIRE                    (abs)        000064
_FSR1H                               (abs)        000FE2
_FSR1L                               (abs)        000FE1
_FSR2H                               (abs)        000FDA
_FSR2L                               (abs)        000FD9
_INTCON2bits                         (abs)        000FF1
_INTCONbits                          (abs)        000FF2
_Init                                text3        001FA0
_LATCbits                            (abs)        000F8B
_LATDbits                            (abs)        000F8C
_LATGbits                            (abs)        000F8F
_LATH                                (abs)        000F90
_LATJ                                (abs)        000F91
_LATJbits                            (abs)        000F91
_MEMCON                              (abs)        000F26
_PADCFG1bits                         (abs)        000F53
_PCLATH                              (abs)        000FFA
_PCLATU                              (abs)        000FFB
_PIR1bits                            (abs)        000F9E
_PORTBbits                           (abs)        000F81
_PORTDbits                           (abs)        000F83
_PORTEbits                           (abs)        000F84
_PORTH                               (abs)        000F87
_POSTINC0                            (abs)        000FEE
_POSTINC1                            (abs)        000FE6
_PRODH                               (abs)        000FF4
_PRODL                               (abs)        000FF3
_RCSTA1                              (abs)        000FAB
_RXTX_libre                          (abs)        000080
_SPBRG1                              (abs)        000FAF
_SPBRGH1                             (abs)        000FD4
_STATUS                              (abs)        000FD8
_STATUS_TEMPORAIRE                   (abs)        000061
_STKPTR                              (abs)        000FFC
_STKPTR_T1                           (abs)        000103
_STKPTR_T2                           (abs)        000203
_STKPTR_T3                           (abs)        000303
_STKPTR_T4                           (abs)        000403
_STKPTR_T5                           (abs)        000503
_STKPTR_T6                           (abs)        000603
_T0CON                               (abs)        000FD5
_T0CONbits                           (abs)        000FD5
_T0IE                                (abs)        007F95
_T0IF                                (abs)        007F92
_TABLAT                              (abs)        000FF5
_TBLPTRH                             (abs)        000FF7
_TBLPTRL                             (abs)        000FF6
_TBLPTRU                             (abs)        000FF8
_TMR0                                (abs)        000FD6
_TOSH                                (abs)        000FFE
_TOSL                                (abs)        000FFD
_TOSU                                (abs)        000FFF
_TP_appui                            (abs)        000066
_TP_x                                (abs)        000067
_TP_y                                (abs)        000068
_TRISCbits                           (abs)        000F94
_TRISDbits                           (abs)        000F95
_TRISGbits                           (abs)        000F98
_TRISH                               (abs)        000F99
_TRISJ                               (abs)        000F9A
_TXREG1                              (abs)        000FAD
_TXSTA1                              (abs)        000FAC
_TXSTA1bits                          (abs)        000FAC
_Tick_Count                          (abs)        000071
_Val_sem_cna                         bssCOMRAM    000034
_Val_sem_rxtx                        bssCOMRAM    000033
_WREG                                (abs)        000FE8
_W_TEMPORAIRE                        (abs)        000060
__HRAM                               (abs)        000000
__Habs1                              abs1         000000
__Hbank0                             bank0        000000
__Hbank1                             bank1        000000
__Hbank10                            bank10       000000
__Hbank11                            bank11       000000
__Hbank12                            bank12       000000
__Hbank13                            bank13       000000
__Hbank14                            bank14       000000
__Hbank15                            bank15       000000
__Hbank2                             bank2        000000
__Hbank3                             bank3        000000
__Hbank4                             bank4        000000
__Hbank5                             bank5        000000
__Hbank6                             bank6        000000
__Hbank7                             bank7        000000
__Hbank8                             bank8        000000
__Hbank9                             bank9        000000
__Hbigbss                            bigbss       000000
__Hbigdata                           bigdata      000000
__Hbigram                            bigram       000000
__Hbigsfr                            bigsfr       000000
__Hbss                               bss          000000
__HbssCOMRAM                         bssCOMRAM    000000
__Hcinit                             cinit        000000
__Hclrtext                           clrtext      000000
__Hcomram                            comram       000000
__Hconfig                            config       30000E
__Hconst                             const        000000
__HcstackCOMRAM                      cstackCOMRAM 000000
__Hdata                              data         000000
__Heeprom_data                       eeprom_data  000000
__Hfarbss                            farbss       000000
__Hfardata                           fardata      000000
__Hheap                              heap         000000
__Hibigdata                          ibigdata     000000
__Hidata                             idata        000000
__Hidloc                             idloc        200008
__Hifardata                          ifardata     000000
__Hinit                              init         000334
__Hintcode                           intcode      00032C
__Hintcode_body                      intcode_body 000000
__Hintcodelo                         intcodelo    00032C
__Hintentry                          intentry     000000
__Hintret                            intret       000000
__Hintsave_regs                      intsave_regs 000000
__Hirdata                            irdata       000000
__Hmediumconst                       mediumconst  000000
__HnvCOMRAM                          nvCOMRAM     000000
__HnvFARRAM                          nvFARRAM     000000
__Hnvbit                             nvbit        000000
__Hnvrram                            nvrram       000000
__Hparam                             rparam       000000
__Hpowerup                           powerup      00032C
__Hram                               ram          000000
__Hramtop                            ramtop       001000
__Hrbit                              rbit         000000
__Hrbss                              rbss         000000
__Hrdata                             rdata        000000
__Hreset_vec                         reset_vec    000004
__Hrparam                            rparam       000000
__Hsfr                               sfr          000000
__Hsmallconst                        smallconst   001094
__Hspace_0                           (abs)        0020AE
__Hspace_1                           (abs)        000035
__Hspace_2                           (abs)        000F16
__Hspace_4                           (abs)        60000E
__Hstack                             stack        000F16
__Hstruct                            struct       000000
__Htemp                              temp         000029
__Htext                              text         000000
__Htext0                             text0        000000
__Htext1                             text1        000000
__Htext10                            text10       000000
__Htext11                            text11       000000
__Htext12                            text12       000000
__Htext13                            text13       000000
__Htext14                            text14       000000
__Htext15                            text15       000000
__Htext16                            text16       000000
__Htext17                            text17       000000
__Htext18                            text18       000000
__Htext19                            text19       000000
__Htext2                             text2        000000
__Htext20                            text20       000000
__Htext21                            text21       000000
__Htext22                            text22       000000
__Htext23                            text23       000000
__Htext24                            text24       000000
__Htext25                            text25       000000
__Htext26                            text26       000000
__Htext27                            text27       000000
__Htext28                            text28       000000
__Htext29                            text29       000000
__Htext3                             text3        000000
__Htext30                            text30       000000
__Htext31                            text31       000000
__Htext32                            text32       000000
__Htext33                            text33       000000
__Htext34                            text34       000000
__Htext35                            text35       000000
__Htext5                             text5        000000
__Htext6                             text6        000000
__Htext7                             text7        000000
__Htext8                             text8        000000
__Htext9                             text9        000000
__LRAM                               (abs)        000001
__Labs1                              abs1         000000
__Lbank0                             bank0        000000
__Lbank1                             bank1        000000
__Lbank10                            bank10       000000
__Lbank11                            bank11       000000
__Lbank12                            bank12       000000
__Lbank13                            bank13       000000
__Lbank14                            bank14       000000
__Lbank15                            bank15       000000
__Lbank2                             bank2        000000
__Lbank3                             bank3        000000
__Lbank4                             bank4        000000
__Lbank5                             bank5        000000
__Lbank6                             bank6        000000
__Lbank7                             bank7        000000
__Lbank8                             bank8        000000
__Lbank9                             bank9        000000
__Lbigbss                            bigbss       000000
__Lbigdata                           bigdata      000000
__Lbigram                            bigram       000000
__Lbigsfr                            bigsfr       000000
__Lbss                               bss          000000
__LbssCOMRAM                         bssCOMRAM    000000
__Lcinit                             cinit        000000
__Lclrtext                           clrtext      000000
__Lcomram                            comram       000000
__Lconfig                            config       000000
__Lconst                             const        000000
__LcstackCOMRAM                      cstackCOMRAM 000000
__Ldata                              data         000000
__Leeprom_data                       eeprom_data  000000
__Lfarbss                            farbss       000000
__Lfardata                           fardata      000000
__Lheap                              heap         000000
__Libigdata                          ibigdata     000000
__Lidata                             idata        000000
__Lidloc                             idloc        000000
__Lifardata                          ifardata     000000
__Linit                              init         00032C
__Lintcode                           intcode      000008
__Lintcode_body                      intcode_body 000000
__Lintcodelo                         intcodelo    00032C
__Lintentry                          intentry     000000
__Lintret                            intret       000000
__Lintsave_regs                      intsave_regs 000000
__Lirdata                            irdata       000000
__Lmediumconst                       mediumconst  000000
__LnvCOMRAM                          nvCOMRAM     000000
__LnvFARRAM                          nvFARRAM     000000
__Lnvbit                             nvbit        000000
__Lnvrram                            nvrram       000000
__Lparam                             rparam       000000
__Lpowerup                           powerup      00032C
__Lram                               ram          000000
__Lramtop                            ramtop       001000
__Lrbit                              rbit         000000
__Lrbss                              rbss         000000
__Lrdata                             rdata        000000
__Lreset_vec                         reset_vec    000000
__Lrparam                            rparam       000000
__Lsfr                               sfr          000000
__Lsmallconst                        smallconst   001000
__Lspace_0                           (abs)        000000
__Lspace_1                           (abs)        000000
__Lspace_2                           (abs)        000000
__Lspace_4                           (abs)        000000
__Lstack                             stack        000642
__Lstruct                            struct       000000
__Ltemp                              temp         00001D
__Ltext                              text         000000
__Ltext0                             text0        000000
__Ltext1                             text1        000000
__Ltext10                            text10       000000
__Ltext11                            text11       000000
__Ltext12                            text12       000000
__Ltext13                            text13       000000
__Ltext14                            text14       000000
__Ltext15                            text15       000000
__Ltext16                            text16       000000
__Ltext17                            text17       000000
__Ltext18                            text18       000000
__Ltext19                            text19       000000
__Ltext2                             text2        000000
__Ltext20                            text20       000000
__Ltext21                            text21       000000
__Ltext22                            text22       000000
__Ltext23                            text23       000000
__Ltext24                            text24       000000
__Ltext25                            text25       000000
__Ltext26                            text26       000000
__Ltext27                            text27       000000
__Ltext28                            text28       000000
__Ltext29                            text29       000000
__Ltext3                             text3        000000
__Ltext30                            text30       000000
__Ltext31                            text31       000000
__Ltext32                            text32       000000
__Ltext33                            text33       000000
__Ltext34                            text34       000000
__Ltext35                            text35       000000
__Ltext5                             text5        000000
__Ltext6                             text6        000000
__Ltext7                             text7        000000
__Ltext8                             text8        000000
__Ltext9                             text9        000000
__S0                                 (abs)        0020AE
__S1                                 (abs)        000035
__S2                                 (abs)        000F16
__S4                                 (abs)        000000
__S5                                 (abs)        000000
___awdiv                             text17       001B20
___awdiv@counter                     cstackCOMRAM 000005
___awdiv@dividend                    cstackCOMRAM 000001
___awdiv@divisor                     cstackCOMRAM 000003
___awdiv@quotient                    cstackCOMRAM 000007
___awdiv@sign                        cstackCOMRAM 000006
___awmod                             text16       001BA4
___awmod@counter                     cstackCOMRAM 000005
___awmod@dividend                    cstackCOMRAM 000001
___awmod@divisor                     cstackCOMRAM 000003
___awmod@sign                        cstackCOMRAM 000006
___extmem_base                       (abs)        020000
___heap_hi                           (abs)        000000
___heap_lo                           (abs)        000000
___inthi_sp                          stack        000AAC
___intlo_sp                          stack        000F16
___lwdiv                             text13       001D1E
___lwdiv@counter                     cstackCOMRAM 000007
___lwdiv@dividend                    cstackCOMRAM 000001
___lwdiv@divisor                     cstackCOMRAM 000003
___lwdiv@quotient                    cstackCOMRAM 000005
___param_bank                        (abs)        000000
___rparam_used                       (abs)        000001
___sp                                stack        000642
__accesstop                          (abs)        000060
__activetblptr                       (abs)        000003
__end_of_Init                        text3        001FC2
__end_of___awdiv                     text17       001BA4
__end_of___awmod                     text16       001C14
__end_of___lwdiv                     text13       001D70
__end_of__initialization             cinit        0020A8
__end_of_check_status_ok             text21       001F78
__end_of_clear_graphics              text28       001F4C
__end_of_clear_text                  text27       001F1C
__end_of_command                     text20       00203A
__end_of_d1command                   text30       001E4C
__end_of_d2command                   text29       001E12
__end_of_delai_us_char               text34       002006
__end_of_draw_char                   text26       001EEC
__end_of_draw_hex8                   text25       001C70
__end_of_draw_string                 text24       001D1E
__end_of_fonction_d_interruption     intcode      00032C
__end_of_goto_lico                   text23       001CC8
__end_of_init_rxtx                   text22       001FE4
__end_of_initialisation_afficheur    text19       001942
__end_of_initialisation_des_ports    text2        001E84
__end_of_initialisation_du_systeme   text1        0015CE
__end_of_lecture_8bit_analogique     text18       001EBA
__end_of_lecture_normale             text6        001A92
__end_of_main                        text0        002020
__end_of_plot1                       text15       0019F0
__end_of_stid_delai_us               text7        002086
__end_of_tache1                      text14       001396
__end_of_tache2                      text11       0016C2
__end_of_tache3                      text10       001B20
__end_of_tache4                      text9        001876
__end_of_tache5                      text8        0017A8
__end_of_tache6                      text5        001FA0
__end_of_tp_delai                    text12       00209E
__end_of_wait_status_ok              text33       001DC2
__end_of_write_c_aff                 text32       00206E
__end_of_write_d_aff                 text31       002054
__initialization                     cinit        00209E
__mediumconst                        mediumconst  000000
__pbssCOMRAM                         bssCOMRAM    000030
__pcinit                             cinit        00209E
__pcstackCOMRAM                      cstackCOMRAM 000001
__pintcode                           intcode      000008
__pnvCOMRAM                          nvCOMRAM     000029
__psmallconst                        smallconst   001000
__ptext0                             text0        002006
__ptext1                             text1        001396
__ptext10                            text10       001A92
__ptext11                            text11       0015CE
__ptext12                            text12       002086
__ptext13                            text13       001D1E
__ptext14                            text14       001094
__ptext15                            text15       001942
__ptext16                            text16       001BA4
__ptext17                            text17       001B20
__ptext18                            text18       001E84
__ptext19                            text19       001876
__ptext2                             text2        001E4C
__ptext20                            text20       002020
__ptext21                            text21       001F4C
__ptext22                            text22       001FC2
__ptext23                            text23       001C70
__ptext24                            text24       001CC8
__ptext25                            text25       001C14
__ptext26                            text26       001EBA
__ptext27                            text27       001EEC
__ptext28                            text28       001F1C
__ptext29                            text29       001DC2
__ptext3                             text3        001FA0
__ptext30                            text30       001E12
__ptext31                            text31       00203A
__ptext32                            text32       002054
__ptext33                            text33       001D70
__ptext34                            text34       001FE4
__ptext35                            text35       000000
__ptext5                             text5        001F78
__ptext6                             text6        0019F0
__ptext7                             text7        00206E
__ptext8                             text8        0016C2
__ptext9                             text9        0017A8
__ramtop                             ramtop       001000
__smallconst                         smallconst   001000
_badge                               (abs)        000075
_batterie                            (abs)        000074
_check_status_ok                     text21       001F4C
_clear_graphics                      text28       001F1C
_clear_text                          text27       001EEC
_command                             text20       002020
_contexte1                           (abs)        000100
_contexte2                           (abs)        000200
_contexte3                           (abs)        000300
_contexte4                           (abs)        000400
_contexte5                           (abs)        000500
_contexte6                           (abs)        000600
_d1command                           text30       001E12
_d2command                           text29       001DC2
_delai_us_char                       text34       001FE4
_draw_char                           text26       001EBA
_draw_hex8                           text25       001C14
_draw_string                         text24       001CC8
_fonction_d_interruption             intcode      000008
_fptr                                nvCOMRAM     000029
_goto_lico                           text23       001C70
_init_rxtx                           text22       001FC2
_initialisation_afficheur            text19       001876
_initialisation_des_ports            text2        001E4C
_initialisation_du_systeme           text1        001396
_lecture_8bit_analogique             text18       001E84
_lecture_normale                     text6        0019F0
_main                                text0        002006
_n_octet_badge                       (abs)        00007F
_plot1                               text15       001942
_pointeur_de_tache                   (abs)        000070
_puc                                 nvCOMRAM     00002C
_queue                               (abs)        000069
_stid_delai_us                       text7        00206E
_tache1                              text14       001094
_tache2                              text11       0015CE
_tache3                              text10       001A92
_tache4                              text9        0017A8
_tache5                              text8        0016C2
_tache6                              text5        001F78
_tache_active                        (abs)        00006F
_tc                                  bssCOMRAM    000030
_tp_delai                            text12       002086
_val_tos                             nvCOMRAM     00002E
_vitesse                             (abs)        000073
_wait_status_ok                      text33       001D70
_write_c_aff                         text32       002054
_write_d_aff                         text31       00203A
btemp                                temp         00001D
check_status_ok@res                  cstackCOMRAM 000001
clear_graphics@add                   cstackCOMRAM 000009
clear_text@add                       cstackCOMRAM 000009
command@cmd                          cstackCOMRAM 000005
d1command@cmd                        cstackCOMRAM 000005
d1command@d1                         cstackCOMRAM 000006
d1command@res                        cstackCOMRAM 000007
d2command@cmd                        cstackCOMRAM 000006
d2command@d1                         cstackCOMRAM 000007
d2command@d2                         cstackCOMRAM 000005
d2command@res                        cstackCOMRAM 000008
delai_us_char@ucdelai                cstackCOMRAM 000001
draw_char@dccar                      cstackCOMRAM 000008
draw_hex8@c                          cstackCOMRAM 000009
draw_hex8@octet                      cstackCOMRAM 000008
draw_string@tableau                  cstackCOMRAM 000008
end_of_initialization                cinit        0020A8
goto_lico@adr                        cstackCOMRAM 00000D
goto_lico@colonne                    cstackCOMRAM 000009
goto_lico@ligne                      cstackCOMRAM 00000C
initialisation_afficheur@error_count cstackCOMRAM 000009
initialisation_du_systeme@temp       cstackCOMRAM 00001C
intlevel0                            text         000000
intlevel1                            text         000000
intlevel2                            text         000000
intlevel3                            text         000000
isa$std                              (abs)        000001
isa$xinst                            (abs)        000000
lecture_8bit_analogique@channel      cstackCOMRAM 000002
lecture_8bit_analogique@ret          cstackCOMRAM 000001
lecture_normale@n_bit                cstackCOMRAM 000007
lecture_normale@n_octet              cstackCOMRAM 000006
lecture_normale@octet                cstackCOMRAM 000008
lecture_normale@stid_id              cstackCOMRAM 000003
lecture_normale@temps_attente        cstackCOMRAM 000005
lltemp0                              temp         00001D
ltemp0                               temp         00001D
ltemp1                               temp         000021
ltemp2                               temp         000025
plot1@add                            cstackCOMRAM 00000C
plot1@x                              cstackCOMRAM 00000E
plot1@y                              cstackCOMRAM 000009
stackhi                              (abs)        000F15
stacklo                              (abs)        000642
start                                init         00032C
start_initialization                 cinit        00209E
stid_delai_us@isdu                   cstackCOMRAM 000001
tache1@i                             cstackCOMRAM 00000F
tache2@hx                            cstackCOMRAM 00000E
tache2@hy                            cstackCOMRAM 000010
tache2@ix                            cstackCOMRAM 00000A
tache2@iy                            cstackCOMRAM 00000C
tache2@lx                            cstackCOMRAM 00000F
tache2@ly                            cstackCOMRAM 000011
tache4@a                             cstackCOMRAM 000001
tache5@a                             cstackCOMRAM 000001
tache6@n                             cstackCOMRAM 000009
tp_delai@itpd                        cstackCOMRAM 000001
ttemp0                               temp         00001D
ttemp1                               temp         000020
ttemp2                               temp         000023
ttemp3                               temp         000026
ttemp5                               temp         00001E
ttemp6                               temp         000021
ttemp7                               temp         000025
wait_status_ok@err                   cstackCOMRAM 000002
wait_status_ok@res                   cstackCOMRAM 000004
wait_status_ok@status                cstackCOMRAM 000003
write_c_aff@command                  cstackCOMRAM 000001
write_d_aff@data                     cstackCOMRAM 000001
wtemp0                               temp         00001D
wtemp1                               temp         00001F
wtemp2                               temp         000021
wtemp3                               temp         000023
wtemp4                               temp         000025
wtemp5                               temp         000027
wtemp8                               temp         00001E


MODULE INFORMATION

Module		Function		Class		Link	Load	Size
T6.c
		_tache6        		CODE           	1F78	0000	40

T6.c estimated size: 40

semaphore.c
		_Init          		CODE           	1FA0	0000	34

semaphore.c estimated size: 34

T4.c
		_tache4        		CODE           	17A8	0000	206

T4.c estimated size: 206

afficheur.c
		_d2command     		CODE           	1DC2	0000	80
		_write_d_aff   		CODE           	203A	0000	26
		_clear_text    		CODE           	1EEC	0000	48
		_initialisation_afficheur		CODE           	1876	0000	204
		_write_c_aff   		CODE           	2054	0000	26
		_clear_graphics		CODE           	1F1C	0000	48
		_draw_hex8     		CODE           	1C14	0000	92
		_delai_us_char 		CODE           	1FE4	0000	34
		_draw_string   		CODE           	1CC8	0000	86
		_plot1         		CODE           	1942	0000	174
		_goto_lico     		CODE           	1C70	0000	88
		_command       		CODE           	2020	0000	26
		_wait_status_ok		CODE           	1D70	0000	82
		_draw_char     		CODE           	1EBA	0000	50
		_d1command     		CODE           	1E12	0000	58
		_check_status_ok		CODE           	1F4C	0000	44

afficheur.c estimated size: 1166

T2.c
		_tache2        		CODE           	15CE	0000	244
		_tp_delai      		CODE           	2086	0000	24

T2.c estimated size: 268

C:\Program Files\Microchip\xc8\v2.40\pic\sources\c90\common\awdiv.c
		___awdiv       		CODE           	1B20	0000	132

C:\Program Files\Microchip\xc8\v2.40\pic\sources\c90\common\awdiv.c estimated size: 132

systeme.c
		_initialisation_du_systeme		CODE           	1396	0000	568
		_fonction_d_interruption		CODE           	0008	0000	804

systeme.c estimated size: 1372

stid.c
		_lecture_normale		CODE           	19F0	0000	162
		_stid_delai_us 		CODE           	206E	0000	24

stid.c estimated size: 186

T5.c
		_tache5        		CODE           	16C2	0000	230

T5.c estimated size: 230

T3.c
		_tache3        		CODE           	1A92	0000	142

T3.c estimated size: 142

shared
		__initialization		CODE           	209E	0000	10

shared estimated size: 10

T1.c
		_tache1        		CODE           	1094	0000	770

T1.c estimated size: 770

rxtx.c
		_init_rxtx     		CODE           	1FC2	0000	34

rxtx.c estimated size: 34

C:\Program Files\Microchip\xc8\v2.40\pic\sources\c90\common\awmod.c
		___awmod       		CODE           	1BA4	0000	112

C:\Program Files\Microchip\xc8\v2.40\pic\sources\c90\common\awmod.c estimated size: 112

main.c
		_initialisation_des_ports		CODE           	1E4C	0000	56
		_main          		CODE           	2006	0000	26
		_lecture_8bit_analogique		CODE           	1E84	0000	54

main.c estimated size: 136

C:\Program Files\Microchip\xc8\v2.40\pic\sources\c90\common\lwdiv.c
		___lwdiv       		CODE           	1D1E	0000	82

C:\Program Files\Microchip\xc8\v2.40\pic\sources\c90\common\lwdiv.c estimated size: 82

