Microchip MPLAB XC8 Compiler V2.40

Linker command line:

--edf=C:\Program Files\Microchip\xc8\v2.40\pic\dat\20220703182018_en.msgs \
  -cn -h+dist/default/production\TP_STR.X.production.sym \
  --cmf=dist/default/production\TP_STR.X.production.cmf -z -Q18F87K22 \
  -oC:\Users\thoma\AppData\Local\Temp\xcAs4bs.4 --defsym=__MPLAB_BUILD=1 \
  --fixupoverflow=error -Mdist/default/production/TP_STR.X.production.map \
  --md=C:\Users\thoma\AppData\Local\Temp\xcAs4bs.dat -E1 -ver=XC8 Compiler \
  --acfsm=1493 -ASTACK=0642h-0F15h -pstack=STACK -ACODE=00h-01FFFFh \
  -ACONST=00h-01FFFFh -ASMALLCONST=01000h-010FFhx496 \
  -AMEDIUMCONST=01000h-0FFFFh,011000h-01FFFFh -ACOMRAM=01h-05Fh \
  -AABS1=00h-0F15h -ABIGRAM=01h-0F15h \
  -ARAM=060h-0FFh,0100h-01FFhx14,0F00h-0F15h -ABANK0=060h-0FFh \
  -ABANK1=0100h-01FFh -ABANK2=0200h-02FFh -ABANK3=0300h-03FFh \
  -ABANK4=0400h-04FFh -ABANK5=0500h-05FFh -ABANK6=0600h-06FFh \
  -ABANK7=0700h-07FFh -ABANK8=0800h-08FFh -ABANK9=0900h-09FFh \
  -ABANK10=0A00h-0AFFh -ABANK11=0B00h-0BFFh -ABANK12=0C00h-0CFFh \
  -ABANK13=0D00h-0DFFh -ABANK14=0E00h-0EFFh -ABANK15=0F00h-0F15h \
  -ASFR=0F16h-0F5Fh,0F60h-0FFFh -ABIGSFR=0F16h-0FFFh \
  -ACONFIG=0300000h-030000Dh -AIDLOC=0200000h-0200007h \
  -AEEDATA=0F00000h-0F003FFh -peeprom_data=EEDATA \
  -preset_vec=00h,intcode=08h,intcodelo,powerup,init -pramtop=01000h \
  -psmallconst=SMALLCONST -pmediumconst=MEDIUMCONST -pconst=CONST \
  -AFARRAM=00h-00h \
  -prdata=COMRAM,nvrram=COMRAM,nvbit=COMRAM,rbss=COMRAM,rbit=COMRAM \
  -pfarbss=FARRAM,fardata=FARRAM,nvFARRAM=FARRAM \
  -pintsave_regs=BIGRAM,bigbss=BIGRAM,bigdata=BIGRAM -pbss=RAM \
  -pidata=CODE,irdata=CODE,ibigdata=CODE,ifardata=CODE -prparam=COMRAM \
  C:\Users\thoma\AppData\Local\Temp\xcAs4bs.o \
  dist/default/production\TP_STR.X.production.o 

Object code version is 3.11

Machine type is 18F87K22



                Name                               Link     Load   Length Selector   Space Scale
C:\Users\thoma\AppData\Local\Temp\xcAs4bs.o
                stack                               642      642      8D4      642       2
                idloc                            200000   200000        8        0       5
                config                           300000   300000        E        0       4
                init                                33C      33C        8        4       0
                reset_vec                             0        0        4        0       0
dist/default/production\TP_STR.X.production.o
                intcode                               8        8      334        4       0
                idloc                            200000   200000        8        0       5
                config                           300000   300000        E        0       4
                temp                                 29       29        C        1       1
                smallconst                         1000     1000       DE      800       0
                text46                             1C96     1C96       84      86F       0
                text45                             21DC     21DC       26      86F       0
                text44                             2036     2036       40      86F       0
                text43                             226A     226A       22      86F       0
                text42                             1EFE     1EFE       52      86F       0
                text41                             2332     2332       1A      86F       0
                text40                             2318     2318       1A      86F       0
                text39                             2076     2076       3A      86F       0
                text38                             1C0A     1C0A       8C      86F       0
                text37                             1F50     1F50       50      86F       0
                text36                             1E54     1E54       58      86F       0
                text35                             2394     2394       18      86F       0
                text34                             2180     2180       30      86F       0
                text33                             211E     211E       32      86F       0
                text32                             228C     228C       20      86F       0
                text31                             2150     2150       30      86F       0
                text30                             1AE0     1AE0       9C      86F       0
                text29                             1DF8     1DF8       5C      86F       0
                text28                             1D1A     1D1A       70      86F       0
                text27                             22FE     22FE       1A      86F       0
                text26                             1990     1990       AE      86F       0
                text25                             1FA0     1FA0       4C      86F       0
                text24                             2248     2248       22      86F       0
                text23                             21B0     21B0       2C      86F       0
                text22                             18C4     18C4       CC      86F       0
                text21                             20E8     20E8       36      86F       0
                text20                             23BC     23BC       10      86F       0
                text19                             1D8A     1D8A       6E      86F       0
                text18                             237C     237C       18      86F       0
                text17                             1B7C     1B7C       8E      86F       0
                text16                             10DE     10DE      3D2      86F       0
                text15                             1EAC     1EAC       52      86F       0
                text14                             2364     2364       18      86F       0
                text13                             16F2     16F2       F4      86F       0
                text12                             17E6     17E6       DE      86F       0
                text11                             23CC     23CC        2      86F       0
                text10                             2202     2202       24      86F       0
                text9                              22E4     22E4       1A      86F       0
                text8                              234C     234C       18      86F       0
                text7                              1A3E     1A3E       A2      86F       0
                text6                              1FEC     1FEC       4A      86F       0
                text4                              2226     2226       22      86F       0
                text3                              22CA     22CA       1A      86F       0
                text2                              20B0     20B0       38      86F       0
                text1                              14B0     14B0      242      86F       0
                cstackCOMRAM                          1        1       28        1       1
                cstackBANK0                          85       85        1       85       1
                bssCOMRAM                            3C       3C        5        1       1
                cinit                              23AC     23AC       10      86F       0
                nvCOMRAM                             35       35        7        1       1
                text0                              22AC     22AC       1E      86F       0

TOTAL           Name                               Link     Load   Length     Space
        CLASS   STACK          
                stack                               642      642      8D4         2

        CLASS   CODE           
                intcode                               8        8      334         0
                init                                33C      33C        8         0
                reset_vec                             0        0        4         0
                text46                             1C96     1C96       84         0
                text45                             21DC     21DC       26         0
                text44                             2036     2036       40         0
                text43                             226A     226A       22         0
                text42                             1EFE     1EFE       52         0
                text41                             2332     2332       1A         0
                text40                             2318     2318       1A         0
                text39                             2076     2076       3A         0
                text38                             1C0A     1C0A       8C         0
                text37                             1F50     1F50       50         0
                text36                             1E54     1E54       58         0
                text35                             2394     2394       18         0
                text34                             2180     2180       30         0
                text33                             211E     211E       32         0
                text32                             228C     228C       20         0
                text31                             2150     2150       30         0
                text30                             1AE0     1AE0       9C         0
                text29                             1DF8     1DF8       5C         0
                text28                             1D1A     1D1A       70         0
                text27                             22FE     22FE       1A         0
                text26                             1990     1990       AE         0
                text25                             1FA0     1FA0       4C         0
                text24                             2248     2248       22         0
                text23                             21B0     21B0       2C         0
                text22                             18C4     18C4       CC         0
                text21                             20E8     20E8       36         0
                text20                             23BC     23BC       10         0
                text19                             1D8A     1D8A       6E         0
                text18                             237C     237C       18         0
                text17                             1B7C     1B7C       8E         0
                text16                             10DE     10DE      3D2         0
                text15                             1EAC     1EAC       52         0
                text14                             2364     2364       18         0
                text13                             16F2     16F2       F4         0
                text12                             17E6     17E6       DE         0
                text11                             23CC     23CC        2         0
                text10                             2202     2202       24         0
                text9                              22E4     22E4       1A         0
                text8                              234C     234C       18         0
                text7                              1A3E     1A3E       A2         0
                text6                              1FEC     1FEC       4A         0
                text4                              2226     2226       22         0
                text3                              22CA     22CA       1A         0
                text2                              20B0     20B0       38         0
                text1                              14B0     14B0      242         0
                cinit                              23AC     23AC       10         0
                text0                              22AC     22AC       1E         0

        CLASS   CONST          

        CLASS   SMALLCONST     
                smallconst                         1000     1000       DE         0

        CLASS   MEDIUMCONST    

        CLASS   COMRAM         
                temp                                 29       29        C         1
                cstackCOMRAM                          1        1       28         1
                bssCOMRAM                            3C       3C        5         1
                nvCOMRAM                             35       35        7         1

        CLASS   ABS1           
                abs_s1                               60       60       25         1
                abs_s1                              100      100       42         1
                abs_s1                              103      103        1         1
                abs_s1                              200      200       42         1
                abs_s1                              203      203        1         1
                abs_s1                              300      300       42         1
                abs_s1                              303      303        1         1
                abs_s1                              400      400       42         1
                abs_s1                              403      403        1         1
                abs_s1                              500      500       42         1
                abs_s1                              503      503        1         1
                abs_s1                              600      600       42         1
                abs_s1                              603      603        1         1

        CLASS   BIGRAM         

        CLASS   RAM            

        CLASS   BANK0          
                cstackBANK0                          85       85        1         1

        CLASS   BANK1          

        CLASS   BANK2          

        CLASS   BANK3          

        CLASS   BANK4          

        CLASS   BANK5          

        CLASS   BANK6          

        CLASS   BANK7          

        CLASS   BANK8          

        CLASS   BANK9          

        CLASS   BANK10         

        CLASS   BANK11         

        CLASS   BANK12         

        CLASS   BANK13         

        CLASS   BANK14         

        CLASS   BANK15         

        CLASS   SFR            

        CLASS   BIGSFR         

        CLASS   CONFIG         
                config                           300000   300000        E         4

        CLASS   IDLOC          
                idloc                            200000   200000        8         5

        CLASS   EEDATA         

        CLASS   FARRAM         

        CLASS   HEAP           



SEGMENTS        Name                           Load    Length   Top    Selector   Space  Class

                reset_vec                      000000  000004  000004         0       0  CODE    
                cstackCOMRAM                   000001  000040  000041         1       1  COMRAM  
                intcode                        000008  00033C  000344         4       0  CODE    
                cstackBANK0                    000085  000001  000086        85       1  BANK0   
                stack                          000642  0008D4  000F16       642       2  STACK   
                smallconst                     001000  0000DE  0010DE       800       0  SMALLCON
                text16                         0010DE  0012F0  0023CE       86F       0  CODE    


UNUSED ADDRESS RANGES

        Name                Unused          Largest block    Delta
        BANK0            000086-0000FF               7A
        BANK1            000142-0001FF               BE
        BANK10           000A00-000AFF              100
        BANK11           000B00-000BFF              100
        BANK12           000C00-000CFF              100
        BANK13           000D00-000DFF              100
        BANK14           000E00-000EFF              100
        BANK15           000F00-000F15               16
        BANK2            000242-0002FF               BE
        BANK3            000342-0003FF               BE
        BANK4            000442-0004FF               BE
        BANK5            000542-0005FF               BE
        BANK6            000642-0006FF               BE
        BANK7            000700-0007FF              100
        BANK8            000800-0008FF              100
        BANK9            000900-0009FF              100
        BIGRAM           000041-00005F               1F
                         000086-0000FF               7A
                         000142-0001FF               BE
                         000242-0002FF               BE
                         000342-0003FF               BE
                         000442-0004FF               BE
                         000542-0005FF               BE
                         000642-000F15              8D4
        BIGSFR           000F16-000FFF               EA
        CODE             000004-000007                4
                         000344-000FFF              CBC
                         0023CE-01FFFF            1DC32
        COMRAM           000041-00005F               1F
        CONST            000004-000007                4
                         000344-000FFF              CBC
                         0023CE-01FFFF            1DC32
        EEDATA           F00000-F003FF              400
        MEDIUMCONST      0023CE-00FFFF             DC32
                         011000-01FFFF             F000
        RAM              000086-0000FF               7A
                         000142-0001FF               BE
                         000242-0002FF               BE
                         000342-0003FF               BE
                         000442-0004FF               BE
                         000542-0005FF               BE
                         000642-000F15              100
        SFR              000F16-000FFF               4A
        SMALLCONST       0023CE-01FFFF              100

                                  Symbol Table

?_Conversion                         cstackCOMRAM 00000F
?___awdiv                            cstackCOMRAM 000007
?___awmod                            cstackCOMRAM 000001
?___lwdiv                            cstackCOMRAM 000001
?___wmul                             cstackCOMRAM 000001
Conversion@a                         cstackCOMRAM 00000F
Conversion@valeur_convertie          cstackCOMRAM 000013
Conversion@valeur_lue                cstackCOMRAM 000011
Diminution@vitesse                   cstackCOMRAM 000001
_ADCON0                              (abs)        000FC2
_ADCON0bits                          (abs)        000FC2
_ADCON1                              (abs)        000FC1
_ADCON2                              (abs)        000FC0
_ADRESH                              (abs)        000FC4
_ADRESL                              (abs)        000FC3
_ANCON0                              (abs)        000F25
_ANCON0bits                          (abs)        000F25
_ANCON1                              (abs)        000F24
_ANCON1bits                          (abs)        000F24
_ANCON2                              (abs)        000F23
_BAUDCON1                            (abs)        000F65
_BSR                                 (abs)        000FE0
_BSR_TEMPORAIRE                      (abs)        000062
_Conversion                          text44       002036
_DEMARRAGE                           (abs)        000065
_Diminution                          text20       0023BC
_FSR0H                               (abs)        000FEA
_FSR0H_TEMPORAIRE                    (abs)        000063
_FSR0L                               (abs)        000FE9
_FSR0L_TEMPORAIRE                    (abs)        000064
_FSR1H                               (abs)        000FE2
_FSR1L                               (abs)        000FE1
_FSR2H                               (abs)        000FDA
_FSR2L                               (abs)        000FD9
_INTCON2bits                         (abs)        000FF1
_INTCON3bits                         (abs)        000FF0
_INTCONbits                          (abs)        000FF2
_Init                                text4        002226
_LATCbits                            (abs)        000F8B
_LATDbits                            (abs)        000F8C
_LATGbits                            (abs)        000F8F
_LATH                                (abs)        000F90
_LATJ                                (abs)        000F91
_LATJbits                            (abs)        000F91
_MEMCON                              (abs)        000F26
_PADCFG1bits                         (abs)        000F53
_PCLATH                              (abs)        000FFA
_PCLATU                              (abs)        000FFB
_PIR1bits                            (abs)        000F9E
_PORTBbits                           (abs)        000F81
_PORTDbits                           (abs)        000F83
_PORTEbits                           (abs)        000F84
_PORTH                               (abs)        000F87
_POSTINC0                            (abs)        000FEE
_POSTINC1                            (abs)        000FE6
_PRODH                               (abs)        000FF4
_PRODL                               (abs)        000FF3
_Personne                            (abs)        000082
_RCONbits                            (abs)        000FD0
_RCSTA1                              (abs)        000FAB
_RXTX_libre                          (abs)        000080
_SPBRG1                              (abs)        000FAF
_SPBRGH1                             (abs)        000FD4
_STATUS                              (abs)        000FD8
_STATUS_TEMPORAIRE                   (abs)        000061
_STKPTR                              (abs)        000FFC
_STKPTR_T1                           (abs)        000103
_STKPTR_T2                           (abs)        000203
_STKPTR_T3                           (abs)        000303
_STKPTR_T4                           (abs)        000403
_STKPTR_T5                           (abs)        000503
_STKPTR_T6                           (abs)        000603
_T0CON                               (abs)        000FD5
_T0CONbits                           (abs)        000FD5
_T0IE                                (abs)        007F95
_T0IF                                (abs)        007F92
_TABLAT                              (abs)        000FF5
_TBLPTRH                             (abs)        000FF7
_TBLPTRL                             (abs)        000FF6
_TBLPTRU                             (abs)        000FF8
_TEST                                (abs)        000081
_TMR0                                (abs)        000FD6
_TOSH                                (abs)        000FFE
_TOSL                                (abs)        000FFD
_TOSU                                (abs)        000FFF
_TP_appui                            (abs)        000066
_TP_x                                (abs)        000067
_TP_y                                (abs)        000068
_TRISCbits                           (abs)        000F94
_TRISDbits                           (abs)        000F95
_TRISGbits                           (abs)        000F98
_TRISH                               (abs)        000F99
_TRISJ                               (abs)        000F9A
_TXREG1                              (abs)        000FAD
_TXSTA1                              (abs)        000FAC
_TXSTA1bits                          (abs)        000FAC
_Tick_Count                          (abs)        000071
_Val_sem_cna                         bssCOMRAM    000040
_Val_sem_rxtx                        bssCOMRAM    00003F
_Valeur                              (abs)        000083
_WREG                                (abs)        000FE8
_W_TEMPORAIRE                        (abs)        000060
__HRAM                               (abs)        000000
__Habs1                              abs1         000000
__Hbank0                             bank0        000000
__Hbank1                             bank1        000000
__Hbank10                            bank10       000000
__Hbank11                            bank11       000000
__Hbank12                            bank12       000000
__Hbank13                            bank13       000000
__Hbank14                            bank14       000000
__Hbank15                            bank15       000000
__Hbank2                             bank2        000000
__Hbank3                             bank3        000000
__Hbank4                             bank4        000000
__Hbank5                             bank5        000000
__Hbank6                             bank6        000000
__Hbank7                             bank7        000000
__Hbank8                             bank8        000000
__Hbank9                             bank9        000000
__Hbigbss                            bigbss       000000
__Hbigdata                           bigdata      000000
__Hbigram                            bigram       000000
__Hbigsfr                            bigsfr       000000
__Hbss                               bss          000000
__HbssCOMRAM                         bssCOMRAM    000000
__Hcinit                             cinit        000000
__Hclrtext                           clrtext      000000
__Hcomram                            comram       000000
__Hconfig                            config       30000E
__Hconst                             const        000000
__HcstackBANK0                       cstackBANK0  000000
__HcstackCOMRAM                      cstackCOMRAM 000000
__Hdata                              data         000000
__Heeprom_data                       eeprom_data  000000
__Hfarbss                            farbss       000000
__Hfardata                           fardata      000000
__Hheap                              heap         000000
__Hibigdata                          ibigdata     000000
__Hidata                             idata        000000
__Hidloc                             idloc        200008
__Hifardata                          ifardata     000000
__Hinit                              init         000344
__Hintcode                           intcode      00033C
__Hintcode_body                      intcode_body 000000
__Hintcodelo                         intcodelo    00033C
__Hintentry                          intentry     000000
__Hintret                            intret       000000
__Hintsave_regs                      intsave_regs 000000
__Hirdata                            irdata       000000
__Hmediumconst                       mediumconst  000000
__HnvCOMRAM                          nvCOMRAM     000000
__HnvFARRAM                          nvFARRAM     000000
__Hnvbit                             nvbit        000000
__Hnvrram                            nvrram       000000
__Hparam                             rparam       000000
__Hpowerup                           powerup      00033C
__Hram                               ram          000000
__Hramtop                            ramtop       001000
__Hrbit                              rbit         000000
__Hrbss                              rbss         000000
__Hrdata                             rdata        000000
__Hreset_vec                         reset_vec    000004
__Hrparam                            rparam       000000
__Hsfr                               sfr          000000
__Hsmallconst                        smallconst   0010DE
__Hspace_0                           (abs)        0023CE
__Hspace_1                           (abs)        000086
__Hspace_2                           (abs)        000F16
__Hspace_4                           (abs)        60000E
__Hstack                             stack        000F16
__Hstruct                            struct       000000
__Htemp                              temp         000035
__Htext                              text         000000
__Htext0                             text0        000000
__Htext1                             text1        000000
__Htext10                            text10       000000
__Htext11                            text11       000000
__Htext12                            text12       000000
__Htext13                            text13       000000
__Htext14                            text14       000000
__Htext15                            text15       000000
__Htext16                            text16       000000
__Htext17                            text17       000000
__Htext18                            text18       000000
__Htext19                            text19       000000
__Htext2                             text2        000000
__Htext20                            text20       000000
__Htext21                            text21       000000
__Htext22                            text22       000000
__Htext23                            text23       000000
__Htext24                            text24       000000
__Htext25                            text25       000000
__Htext26                            text26       000000
__Htext27                            text27       000000
__Htext28                            text28       000000
__Htext29                            text29       000000
__Htext3                             text3        000000
__Htext30                            text30       000000
__Htext31                            text31       000000
__Htext32                            text32       000000
__Htext33                            text33       000000
__Htext34                            text34       000000
__Htext35                            text35       000000
__Htext36                            text36       000000
__Htext37                            text37       000000
__Htext38                            text38       000000
__Htext39                            text39       000000
__Htext4                             text4        000000
__Htext40                            text40       000000
__Htext41                            text41       000000
__Htext42                            text42       000000
__Htext43                            text43       000000
__Htext44                            text44       000000
__Htext45                            text45       000000
__Htext46                            text46       000000
__Htext47                            text47       000000
__Htext6                             text6        000000
__Htext7                             text7        000000
__Htext8                             text8        000000
__Htext9                             text9        000000
__LRAM                               (abs)        000001
__Labs1                              abs1         000000
__Lbank0                             bank0        000000
__Lbank1                             bank1        000000
__Lbank10                            bank10       000000
__Lbank11                            bank11       000000
__Lbank12                            bank12       000000
__Lbank13                            bank13       000000
__Lbank14                            bank14       000000
__Lbank15                            bank15       000000
__Lbank2                             bank2        000000
__Lbank3                             bank3        000000
__Lbank4                             bank4        000000
__Lbank5                             bank5        000000
__Lbank6                             bank6        000000
__Lbank7                             bank7        000000
__Lbank8                             bank8        000000
__Lbank9                             bank9        000000
__Lbigbss                            bigbss       000000
__Lbigdata                           bigdata      000000
__Lbigram                            bigram       000000
__Lbigsfr                            bigsfr       000000
__Lbss                               bss          000000
__LbssCOMRAM                         bssCOMRAM    000000
__Lcinit                             cinit        000000
__Lclrtext                           clrtext      000000
__Lcomram                            comram       000000
__Lconfig                            config       000000
__Lconst                             const        000000
__LcstackBANK0                       cstackBANK0  000000
__LcstackCOMRAM                      cstackCOMRAM 000000
__Ldata                              data         000000
__Leeprom_data                       eeprom_data  000000
__Lfarbss                            farbss       000000
__Lfardata                           fardata      000000
__Lheap                              heap         000000
__Libigdata                          ibigdata     000000
__Lidata                             idata        000000
__Lidloc                             idloc        000000
__Lifardata                          ifardata     000000
__Linit                              init         00033C
__Lintcode                           intcode      000008
__Lintcode_body                      intcode_body 000000
__Lintcodelo                         intcodelo    00033C
__Lintentry                          intentry     000000
__Lintret                            intret       000000
__Lintsave_regs                      intsave_regs 000000
__Lirdata                            irdata       000000
__Lmediumconst                       mediumconst  000000
__LnvCOMRAM                          nvCOMRAM     000000
__LnvFARRAM                          nvFARRAM     000000
__Lnvbit                             nvbit        000000
__Lnvrram                            nvrram       000000
__Lparam                             rparam       000000
__Lpowerup                           powerup      00033C
__Lram                               ram          000000
__Lramtop                            ramtop       001000
__Lrbit                              rbit         000000
__Lrbss                              rbss         000000
__Lrdata                             rdata        000000
__Lreset_vec                         reset_vec    000000
__Lrparam                            rparam       000000
__Lsfr                               sfr          000000
__Lsmallconst                        smallconst   001000
__Lspace_0                           (abs)        000000
__Lspace_1                           (abs)        000000
__Lspace_2                           (abs)        000000
__Lspace_4                           (abs)        000000
__Lstack                             stack        000642
__Lstruct                            struct       000000
__Ltemp                              temp         000029
__Ltext                              text         000000
__Ltext0                             text0        000000
__Ltext1                             text1        000000
__Ltext10                            text10       000000
__Ltext11                            text11       000000
__Ltext12                            text12       000000
__Ltext13                            text13       000000
__Ltext14                            text14       000000
__Ltext15                            text15       000000
__Ltext16                            text16       000000
__Ltext17                            text17       000000
__Ltext18                            text18       000000
__Ltext19                            text19       000000
__Ltext2                             text2        000000
__Ltext20                            text20       000000
__Ltext21                            text21       000000
__Ltext22                            text22       000000
__Ltext23                            text23       000000
__Ltext24                            text24       000000
__Ltext25                            text25       000000
__Ltext26                            text26       000000
__Ltext27                            text27       000000
__Ltext28                            text28       000000
__Ltext29                            text29       000000
__Ltext3                             text3        000000
__Ltext30                            text30       000000
__Ltext31                            text31       000000
__Ltext32                            text32       000000
__Ltext33                            text33       000000
__Ltext34                            text34       000000
__Ltext35                            text35       000000
__Ltext36                            text36       000000
__Ltext37                            text37       000000
__Ltext38                            text38       000000
__Ltext39                            text39       000000
__Ltext4                             text4        000000
__Ltext40                            text40       000000
__Ltext41                            text41       000000
__Ltext42                            text42       000000
__Ltext43                            text43       000000
__Ltext44                            text44       000000
__Ltext45                            text45       000000
__Ltext46                            text46       000000
__Ltext47                            text47       000000
__Ltext6                             text6        000000
__Ltext7                             text7        000000
__Ltext8                             text8        000000
__Ltext9                             text9        000000
__S0                                 (abs)        0023CE
__S1                                 (abs)        000086
__S2                                 (abs)        000F16
__S4                                 (abs)        000000
__S5                                 (abs)        000000
___awdiv                             text46       001C96
___awdiv@counter                     cstackCOMRAM 00000B
___awdiv@dividend                    cstackCOMRAM 000007
___awdiv@divisor                     cstackCOMRAM 000009
___awdiv@quotient                    cstackCOMRAM 00000D
___awdiv@sign                        cstackCOMRAM 00000C
___awmod                             text28       001D1A
___awmod@counter                     cstackCOMRAM 000005
___awmod@dividend                    cstackCOMRAM 000001
___awmod@divisor                     cstackCOMRAM 000003
___awmod@sign                        cstackCOMRAM 000006
___extmem_base                       (abs)        020000
___heap_hi                           (abs)        000000
___heap_lo                           (abs)        000000
___inthi_sp                          stack        000AAC
___intlo_sp                          stack        000F16
___lwdiv                             text15       001EAC
___lwdiv@counter                     cstackCOMRAM 000007
___lwdiv@dividend                    cstackCOMRAM 000001
___lwdiv@divisor                     cstackCOMRAM 000003
___lwdiv@quotient                    cstackCOMRAM 000005
___param_bank                        (abs)        000000
___rparam_used                       (abs)        000001
___sp                                stack        000642
___wmul                              text45       0021DC
___wmul@multiplicand                 cstackCOMRAM 000003
___wmul@multiplier                   cstackCOMRAM 000001
___wmul@product                      cstackCOMRAM 000005
__accesstop                          (abs)        000060
__activetblptr                       (abs)        000003
__end_of_Conversion                  text44       002076
__end_of_Diminution                  text20       0023CC
__end_of_Init                        text4        002248
__end_of___awdiv                     text46       001D1A
__end_of___awmod                     text28       001D8A
__end_of___lwdiv                     text15       001EFE
__end_of___wmul                      text45       002202
__end_of__initialization             cinit        0023B6
__end_of_afficheur_texte             text11       0023CE
__end_of_charger                     text35       0023AC
__end_of_check_status_ok             text23       0021DC
__end_of_clear_graphics              text34       0021B0
__end_of_clear_line                  text32       0022AC
__end_of_clear_text                  text31       002180
__end_of_command                     text27       002318
__end_of_d1command                   text39       0020B0
__end_of_d2command                   text37       001FA0
__end_of_delai_us_char               text43       00228C
__end_of_draw_char                   text33       002150
__end_of_draw_dec8                   text30       001B7C
__end_of_draw_hex8                   text29       001E54
__end_of_draw_square                 text25       001FEC
__end_of_draw_string                 text38       001C96
__end_of_fonction_d_interruption     intcode      00033C
__end_of_goto_lico                   text36       001EAC
__end_of_initInterrupt               text3        0022E4
__end_of_init_rxtx                   text24       00226A
__end_of_initialisation_afficheur    text22       001990
__end_of_initialisation_des_ports    text2        0020E8
__end_of_initialisation_du_systeme   text1        0016F2
__end_of_lecture_8bit_analogique     text21       00211E
__end_of_lecture_normale             text7        001AE0
__end_of_main                        text0        0022CA
__end_of_marche                      text19       001DF8
__end_of_plot1                       text26       001A3E
__end_of_stid_delai_us               text8        002364
__end_of_tache1                      text16       0014B0
__end_of_tache2                      text13       0017E6
__end_of_tache3                      text12       0018C4
__end_of_tache4                      text10       002226
__end_of_tache5                      text9        0022FE
__end_of_tache6                      text6        002036
__end_of_tp_delai                    text14       00237C
__end_of_vide                        text18       002394
__end_of_vitesseAdmin                text17       001C0A
__end_of_wait_status_ok              text42       001F50
__end_of_write_c_aff                 text41       00234C
__end_of_write_d_aff                 text40       002332
__initialization                     cinit        0023AC
__mediumconst                        mediumconst  000000
__pbssCOMRAM                         bssCOMRAM    00003C
__pcinit                             cinit        0023AC
__pcstackBANK0                       cstackBANK0  000085
__pcstackCOMRAM                      cstackCOMRAM 000001
__pintcode                           intcode      000008
__pnvCOMRAM                          nvCOMRAM     000035
__psmallconst                        smallconst   001000
__ptext0                             text0        0022AC
__ptext1                             text1        0014B0
__ptext10                            text10       002202
__ptext11                            text11       0023CC
__ptext12                            text12       0017E6
__ptext13                            text13       0016F2
__ptext14                            text14       002364
__ptext15                            text15       001EAC
__ptext16                            text16       0010DE
__ptext17                            text17       001B7C
__ptext18                            text18       00237C
__ptext19                            text19       001D8A
__ptext2                             text2        0020B0
__ptext20                            text20       0023BC
__ptext21                            text21       0020E8
__ptext22                            text22       0018C4
__ptext23                            text23       0021B0
__ptext24                            text24       002248
__ptext25                            text25       001FA0
__ptext26                            text26       001990
__ptext27                            text27       0022FE
__ptext28                            text28       001D1A
__ptext29                            text29       001DF8
__ptext3                             text3        0022CA
__ptext30                            text30       001AE0
__ptext31                            text31       002150
__ptext32                            text32       00228C
__ptext33                            text33       00211E
__ptext34                            text34       002180
__ptext35                            text35       002394
__ptext36                            text36       001E54
__ptext37                            text37       001F50
__ptext38                            text38       001C0A
__ptext39                            text39       002076
__ptext4                             text4        002226
__ptext40                            text40       002318
__ptext41                            text41       002332
__ptext42                            text42       001EFE
__ptext43                            text43       00226A
__ptext44                            text44       002036
__ptext45                            text45       0021DC
__ptext46                            text46       001C96
__ptext47                            text47       000000
__ptext6                             text6        001FEC
__ptext7                             text7        001A3E
__ptext8                             text8        00234C
__ptext9                             text9        0022E4
__ramtop                             ramtop       001000
__smallconst                         smallconst   001000
_afficheur_texte                     text11       0023CC
_badge                               (abs)        000075
_batterie                            (abs)        000074
_charger                             text35       002394
_check_status_ok                     text23       0021B0
_clear_graphics                      text34       002180
_clear_line                          text32       00228C
_clear_text                          text31       002150
_command                             text27       0022FE
_contexte1                           (abs)        000100
_contexte2                           (abs)        000200
_contexte3                           (abs)        000300
_contexte4                           (abs)        000400
_contexte5                           (abs)        000500
_contexte6                           (abs)        000600
_d1command                           text39       002076
_d2command                           text37       001F50
_delai_us_char                       text43       00226A
_draw_char                           text33       00211E
_draw_dec8                           text30       001AE0
_draw_hex8                           text29       001DF8
_draw_square                         text25       001FA0
_draw_string                         text38       001C0A
_fonction_d_interruption             intcode      000008
_fptr                                nvCOMRAM     000035
_goto_lico                           text36       001E54
_initInterrupt                       text3        0022CA
_init_rxtx                           text24       002248
_initialisation_afficheur            text22       0018C4
_initialisation_des_ports            text2        0020B0
_initialisation_du_systeme           text1        0014B0
_lecture_8bit_analogique             text21       0020E8
_lecture_normale                     text7        001A3E
_main                                text0        0022AC
_marche                              text19       001D8A
_n_octet_badge                       (abs)        00007F
_plot1                               text26       001990
_pointeur_de_tache                   (abs)        000070
_puc                                 nvCOMRAM     000038
_queue                               (abs)        000069
_stid_delai_us                       text8        00234C
_tache1                              text16       0010DE
_tache2                              text13       0016F2
_tache3                              text12       0017E6
_tache4                              text10       002202
_tache5                              text9        0022E4
_tache6                              text6        001FEC
_tache_active                        (abs)        00006F
_tc                                  bssCOMRAM    00003C
_tp_delai                            text14       002364
_val_tos                             nvCOMRAM     00003A
_valeur_convertie                    (abs)        000084
_vide                                text18       00237C
_vitesse                             (abs)        000073
_vitesseAdmin                        text17       001B7C
_wait_status_ok                      text42       001EFE
_write_c_aff                         text41       002332
_write_d_aff                         text40       002318
afficheur_texte@message              cstackCOMRAM 000001
btemp                                temp         000029
check_status_ok@res                  cstackCOMRAM 000001
clear_graphics@add                   cstackCOMRAM 000009
clear_line@column                    cstackCOMRAM 000010
clear_line@line                      cstackCOMRAM 00000F
clear_text@add                       cstackCOMRAM 000009
command@cmd                          cstackCOMRAM 000005
d1command@cmd                        cstackCOMRAM 000005
d1command@d1                         cstackCOMRAM 000006
d1command@res                        cstackCOMRAM 000007
d2command@cmd                        cstackCOMRAM 000006
d2command@d1                         cstackCOMRAM 000007
d2command@d2                         cstackCOMRAM 000005
d2command@res                        cstackCOMRAM 000008
delai_us_char@ucdelai                cstackCOMRAM 000001
draw_char@dccar                      cstackCOMRAM 000008
draw_dec8@c                          cstackCOMRAM 000014
draw_dec8@cent                       cstackCOMRAM 000012
draw_dec8@dix                        cstackCOMRAM 000013
draw_dec8@octet                      cstackCOMRAM 000011
draw_dec8@unit                       cstackCOMRAM 000010
draw_hex8@c                          cstackCOMRAM 000009
draw_hex8@octet                      cstackCOMRAM 000008
draw_square@x                        cstackCOMRAM 000019
draw_square@x1                       cstackCOMRAM 000018
draw_square@x2                       cstackCOMRAM 000016
draw_square@y                        cstackCOMRAM 00001A
draw_square@y1                       cstackCOMRAM 000015
draw_square@y2                       cstackCOMRAM 000017
draw_string@tableau                  cstackCOMRAM 000008
end_of_initialization                cinit        0023B6
goto_lico@adr                        cstackCOMRAM 00000D
goto_lico@colonne                    cstackCOMRAM 000009
goto_lico@ligne                      cstackCOMRAM 00000C
initialisation_afficheur@error_count cstackCOMRAM 000009
initialisation_du_systeme@temp       cstackBANK0  000085
intlevel0                            text         000000
intlevel1                            text         000000
intlevel2                            text         000000
intlevel3                            text         000000
isa$std                              (abs)        000001
isa$xinst                            (abs)        000000
lecture_8bit_analogique@channel      cstackCOMRAM 000002
lecture_8bit_analogique@ret          cstackCOMRAM 000001
lecture_normale@n_bit                cstackCOMRAM 000007
lecture_normale@n_octet              cstackCOMRAM 000006
lecture_normale@octet                cstackCOMRAM 000008
lecture_normale@stid_id              cstackCOMRAM 000003
lecture_normale@temps_attente        cstackCOMRAM 000005
lltemp0                              temp         000029
ltemp0                               temp         000029
ltemp1                               temp         00002D
ltemp2                               temp         000031
plot1@add                            cstackCOMRAM 000012
plot1@x                              cstackCOMRAM 000014
plot1@y                              cstackCOMRAM 00000F
stackhi                              (abs)        000F15
stacklo                              (abs)        000642
start                                init         00033C
start_initialization                 cinit        0023AC
stid_delai_us@isdu                   cstackCOMRAM 000001
tache2@hx                            cstackCOMRAM 00000E
tache2@hy                            cstackCOMRAM 000010
tache2@ix                            cstackCOMRAM 00000A
tache2@iy                            cstackCOMRAM 00000C
tache2@lx                            cstackCOMRAM 00000F
tache2@ly                            cstackCOMRAM 000011
tache4@a                             cstackCOMRAM 000003
tache4@message                       cstackCOMRAM 000002
tache5@a                             cstackCOMRAM 000001
tache6@n                             cstackCOMRAM 000009
tp_delai@itpd                        cstackCOMRAM 000001
ttemp0                               temp         000029
ttemp1                               temp         00002C
ttemp2                               temp         00002F
ttemp3                               temp         000032
ttemp5                               temp         00002A
ttemp6                               temp         00002D
ttemp7                               temp         000031
vitesseAdmin@a                       cstackCOMRAM 000001
vitesseAdmin@b                       cstackCOMRAM 000006
vitesseAdmin@c                       cstackCOMRAM 000008
wait_status_ok@err                   cstackCOMRAM 000002
wait_status_ok@res                   cstackCOMRAM 000004
wait_status_ok@status                cstackCOMRAM 000003
write_c_aff@command                  cstackCOMRAM 000001
write_d_aff@data                     cstackCOMRAM 000001
wtemp0                               temp         000029
wtemp1                               temp         00002B
wtemp2                               temp         00002D
wtemp3                               temp         00002F
wtemp4                               temp         000031
wtemp5                               temp         000033
wtemp8                               temp         00002A


MODULE INFORMATION

Module		Function		Class		Link	Load	Size
T6.c
		_tache6        		CODE           	1FEC	0000	74

T6.c estimated size: 74

semaphore.c
		_Init          		CODE           	2226	0000	34

semaphore.c estimated size: 34

T4.c
		_tache4        		CODE           	2202	0000	36

T4.c estimated size: 36

afficheur.c
		_d2command     		CODE           	1F50	0000	80
		_vitesseAdmin  		CODE           	1B7C	0000	142
		_write_d_aff   		CODE           	2318	0000	26
		_draw_dec8     		CODE           	1AE0	0000	156
		_charger       		CODE           	2394	0000	24
		_clear_text    		CODE           	2150	0000	48
		_initialisation_afficheur		CODE           	18C4	0000	204
		_marche        		CODE           	1D8A	0000	110
		_write_c_aff   		CODE           	2332	0000	26
		_clear_graphics		CODE           	2180	0000	48
		_vide          		CODE           	237C	0000	24
		_afficheur_texte		CODE           	23CC	0000	2
		_draw_hex8     		CODE           	1DF8	0000	92
		_draw_square   		CODE           	1FA0	0000	76
		_delai_us_char 		CODE           	226A	0000	34
		_draw_string   		CODE           	1C0A	0000	140
		_clear_line    		CODE           	228C	0000	32
		_Diminution    		CODE           	23BC	0000	16
		_plot1         		CODE           	1990	0000	174
		_Conversion    		CODE           	2036	0000	64
		_goto_lico     		CODE           	1E54	0000	88
		_command       		CODE           	22FE	0000	26
		_wait_status_ok		CODE           	1EFE	0000	82
		_draw_char     		CODE           	211E	0000	50
		_d1command     		CODE           	2076	0000	58
		_check_status_ok		CODE           	21B0	0000	44

afficheur.c estimated size: 1866

T2.c
		_tache2        		CODE           	16F2	0000	244
		_tp_delai      		CODE           	2364	0000	24

T2.c estimated size: 268

C:\Program Files\Microchip\xc8\v2.40\pic\sources\c90\common\awdiv.c
		___awdiv       		CODE           	1C96	0000	132

C:\Program Files\Microchip\xc8\v2.40\pic\sources\c90\common\awdiv.c estimated size: 132

systeme.c
		_initInterrupt 		CODE           	22CA	0000	26
		_initialisation_du_systeme		CODE           	14B0	0000	578
		_fonction_d_interruption		CODE           	0008	0000	820

systeme.c estimated size: 1424

stid.c
		_lecture_normale		CODE           	1A3E	0000	162
		_stid_delai_us 		CODE           	234C	0000	24

stid.c estimated size: 186

T5.c
		_tache5        		CODE           	22E4	0000	26

T5.c estimated size: 26

T3.c
		_tache3        		CODE           	17E6	0000	222

T3.c estimated size: 222

C:\Program Files\Microchip\xc8\v2.40\pic\sources\c90\common\Umul16.c
		___wmul        		CODE           	21DC	0000	38

C:\Program Files\Microchip\xc8\v2.40\pic\sources\c90\common\Umul16.c estimated size: 38

shared
		__initialization		CODE           	23AC	0000	10

shared estimated size: 10

T1.c
		_tache1        		CODE           	10DE	0000	978

T1.c estimated size: 978

rxtx.c
		_init_rxtx     		CODE           	2248	0000	34

rxtx.c estimated size: 34

C:\Program Files\Microchip\xc8\v2.40\pic\sources\c90\common\awmod.c
		___awmod       		CODE           	1D1A	0000	112

C:\Program Files\Microchip\xc8\v2.40\pic\sources\c90\common\awmod.c estimated size: 112

main.c
		_initialisation_des_ports		CODE           	20B0	0000	56
		_main          		CODE           	22AC	0000	30
		_lecture_8bit_analogique		CODE           	20E8	0000	54

main.c estimated size: 140

C:\Program Files\Microchip\xc8\v2.40\pic\sources\c90\common\lwdiv.c
		___lwdiv       		CODE           	1EAC	0000	82

C:\Program Files\Microchip\xc8\v2.40\pic\sources\c90\common\lwdiv.c estimated size: 82

